[dotenv@17.3.1] injecting env (10) from .env -- tip: ≡ƒöÉ prevent committing .env to code: https://dotenvx.com/precommit
DEBUG: DATABASE_URL loaded: postgresql://postgres:****@127.0.0.1:5432/asd_platform?schema=public
node : Γ¥î Error creating user:
At line:1 char:1
+ node test-create-user.js > 
test-output.txt 2>&1
+ ~~~~~~~~~~~~~~~~~~~~~~~~~~~~~~~~~~~~~
~~~~~~~~~~
    + CategoryInfo          : NotSpeci 
   fied: (Γ¥î Error creating user::St  
  ring) [], RemoteException
    + FullyQualifiedErrorId : NativeCo 
   mmandError
 
Message: 
Invalid `prisma.role.findUnique()` 
invocation in
D:\ASD_Website\test-create-user.js:12:4
7

   9 async function testCreateUser() {
  10     try {
  11         // Get PATIENT role
ΓåÆ 12         const patientRole = 
await prisma.role.findUnique(
Database `asd_platform` does not exist 
on the database server at 
`127.0.0.1:5432`.
Code: undefined
